// Jest Snapshot v1, https://goo.gl/fbAQLP

exports[`App component renders successfully 1`] = `
<body>
  <div>
    <nav
      class="navbar top-0 z-40 sticky bg-gray-300 text-shark"
    >
      <div
        class="max-w-screen-sm mx-auto px-2 sm:px-6 md:max-w-screen-md lg:max-w-screen-lg lg:px-8 xl:max-w-screen-xl"
      >
        <div
          class="relative h-24 min-h-full flex items-center justify-between gap-x-10 lg:flex-nowrap"
        >
          <div
            class="justify-self-start inline-flex items-center"
          >
            <div
              class="h-14 w-14 max-h-[90%]"
            >
              <svg
                class="w-full h-full"
                height="100"
                viewBox="0 0 100 100"
                width="100"
              >
                <circle
                  class="stroke-shark fill-blue-bayoux stroke-[3]"
                  cx="50"
                  cy="50"
                  r="40"
                />
              </svg>
            </div>
            <h1
              class="my-0 ml-3 hidden font-serif text-3xl font-bold text-shark lg:block"
            >
              ¯\\_(ツ)_/¯
            </h1>
          </div>
          <a
            class="px-6 py-2.5 mx-auto rounded transition-colors font-sans font-bold text-lg hover:text-white hover:bg-shark"
            href="/"
          >
            Shop
          </a>
          <a
            class="px-2 py-2.5 rounded transition-colors icon-button text-lg hover:text-white hover:bg-shark"
            href="/cart"
          >
            <i
              class="fa-solid fa-basket-shopping"
            />
            <span
              class="font-sans text-base font-bold ml-2"
            />
          </a>
        </div>
      </div>
    </nav>
    <div
      class="container mx-auto relative py-3 px-4 max-w-full grid grid-cols-1 gap-y-8 md:grid-cols-3 lg:max-w-4xl lg:grid-cols-4 lg:gap-4"
    >
      <a
        class="mx-auto border border-shark rounded flex flex-col justify-center no-underline group"
        href="/"
      >
        <img
          alt=""
          class="max-w-full w-44"
          src="https://example.com/content/uploads/2021/04/tea-tumbler.png"
        />
        <div
          class="inline-flex flex-col justify-center items-center shrink w-44 h-44"
        >
          <div
            class="mt-0.5 mx-0.5 mb-0 text-base text-center transition-colors duration-500 group-hover:text-persian-green"
          >
            Tea Tumbler
            <br />
            <small
              class="text-lynch"
            >
              Encourages hydration
              <br />
              
Portable
            </small>
            

          </div>
        </div>
      </a>
      <a
        class="mx-auto border border-shark rounded flex flex-col justify-center no-underline group"
        href="/"
      >
        <img
          alt=""
          class="max-w-full w-44"
          src="https://example.com/content/uploads/2021/04/9781849754323.png"
        />
        <div
          class="inline-flex flex-col justify-center items-center shrink w-44 h-44"
        >
          <div
            class="mt-0.5 mx-0.5 mb-0 text-base text-center transition-colors duration-500 group-hover:text-persian-green"
          >
            Vegetarian Tagines & Couscous
            <br />
            <small
              class="text-lynch"
            >
              Inspires cooking
              <br />
              
Supports wellness
            </small>
            

          </div>
        </div>
      </a>
      <a
        class="mx-auto border border-shark rounded flex flex-col justify-center no-underline group"
        href="/"
      >
        <img
          alt=""
          class="max-w-full w-44"
          src="https://example.com/content/uploads/2021/04/GIVE-HATS-MEN-square.png"
        />
        <div
          class="inline-flex flex-col justify-center items-center shrink w-44 h-44"
        >
          <div
            class="mt-0.5 mx-0.5 mb-0 text-base text-center transition-colors duration-500 group-hover:text-persian-green"
          >
            Gift Of Hats (Men)
            <br />
            <small
              class="text-lynch"
            >
              Covers the whole head
              <br />
              
Protects against exposure
            </small>
            

          </div>
        </div>
      </a>
      <a
        class="mx-auto border border-shark rounded flex flex-col justify-center no-underline group"
        href="/"
      >
        <img
          alt=""
          class="max-w-full w-44"
          src="https://example.com/content/uploads/2021/04/Product7_Transparent.png"
        />
        <div
          class="inline-flex flex-col justify-center items-center shrink w-44 h-44"
        >
          <div
            class="mt-0.5 mx-0.5 mb-0 text-base text-center transition-colors duration-500 group-hover:text-persian-green"
          >
            Organic Lavender Hand Sanitizer Spray
            <br />
            <small
              class="text-lynch"
            >
              Helps reduce bacteria
              <br />
              
Calming aroma
            </small>
            

          </div>
        </div>
      </a>
      <a
        class="mx-auto border border-shark rounded flex flex-col justify-center no-underline group"
        href="/"
      >
        <img
          alt=""
          class="max-w-full w-44"
          src="https://example.com/content/uploads/2021/04/essential-oils-bundle.png"
        />
        <div
          class="inline-flex flex-col justify-center items-center shrink w-44 h-44"
        >
          <div
            class="mt-0.5 mx-0.5 mb-0 text-base text-center transition-colors duration-500 group-hover:text-persian-green"
          >
            Aromatherapy Essential Oil Bundle
            <br />
            <small
              class="text-lynch"
            >
              Creates a relaxing environment
              <br />
              
Enhances mood
            </small>
            

          </div>
        </div>
      </a>
    </div>
    <button
      class="cta-button fixed mb-4 bottom-0 left-1/2 -translate-x-1/2 w-1/2"
    >
      Load More
    </button>
  </div>
</body>
`;
