// Jest Snapshot v1, https://goo.gl/fbAQLP

exports[`Item component renders successfully 1`] = `
<body>
  <div>
    <a
      class="sc-bczRLJ ihqCpe"
      direction="column"
      href="/product/product"
      type="normal"
    >
      <img
        alt="It's a dog"
        class="sc-dkzDqf ehJGnl"
        src="https://place-puppy.com/300x300"
        width="175px"
      />
      <div
        alignitems="center"
        class="sc-bczRLJ sc-gsnTZi kEqOsw daxFCl"
        direction="column"
        height="175px"
        width="175px"
      >
        <div
          class="product-name"
        >
          <span
            class="badge"
          >
            On Sale
          </span>
          <br />
          Product
          <br />
          short description
          <p
            class="product-price"
          >
            <span
              class="regular-price"
            >
              $20.00
            </span>
             
            $18.99
          </p>
        </div>
      </div>
    </a>
  </div>
</body>
`;
